/Users/mithul/Development/ai-engineering-lab-project/.venv/lib/python3.13/site-packages/transformers/utils/hub.py:111: FutureWarning: Using `TRANSFORMERS_CACHE` is deprecated and will be removed in v5 of Transformers. Use `HF_HOME` instead.
  warnings.warn(
INFO:few_shot_learning:Feature extractor initialized successfully
INFO:few_shot_learning:Few-shot learner initialized on device: cpu
Some weights of GPT2ForSequenceClassification were not initialized from the model checkpoint at microsoft/DialoGPT-medium and are newly initialized: ['score.weight']
You should probably TRAIN this model on a down-stream task to be able to use it for predictions and inference.
Device set to use mps:0
/Users/mithul/Development/ai-engineering-lab-project/.venv/lib/python3.13/site-packages/transformers/pipelines/text_classification.py:111: UserWarning: `return_all_scores` is now deprecated,  if want a similar functionality use `top_k=None` instead of `return_all_scores=True` or `top_k=1` instead of `return_all_scores=False`.
  warnings.warn(
INFO:safety_module:Text classifier initialized successfully
Fetching 1 files:   0%|          | 0/1 [00:00<?, ?it/s]Fetching 1 files: 100%|██████████| 1/1 [00:00<00:00, 13315.25it/s]
Fast image processor class <class 'transformers.models.vit.image_processing_vit_fast.ViTImageProcessorFast'> is available for this model. Using slow image processor class. To use the fast image processor class set `use_fast=True`.
Fetching 1 files:   0%|          | 0/1 [00:00<?, ?it/s]Fetching 1 files: 100%|██████████| 1/1 [00:00<00:00, 14716.86it/s]
Device set to use mps:0
INFO:safety_module:Image classifier initialized successfully
INFO:model_pipeline:Using device: cpu
INFO:model_pipeline:SAM model initialized successfully
Fetching 1 files:   0%|          | 0/1 [00:00<?, ?it/s]Fetching 1 files: 100%|██████████| 1/1 [00:00<00:00, 11335.96it/s]
Using a slow image processor as `use_fast` is unset and a slow processor was saved with this model. `use_fast=True` will be the default behavior in v4.52, even if the model was saved with a slow processor. This will result in minor differences in outputs. You'll still be able to use a slow processor with `use_fast=False`.
Device set to use mps:0
INFO:model_pipeline:Classification models initialized successfully
INFO:__main__:Database tables created
 * Serving Flask app 'app'
 * Debug mode: on
Address already in use
Port 5001 is in use by another program. Either identify and stop that program, or start the server with a different port.
